============================================================
Dedalyan linear cryptanalysis (arbitrary masks)
============================================================
   key 910523353440b13d...   samples/mask 400,000   processes 12
   random-permutation correlation floor ~ 1/sqrt(n) = 0.001581

-- 0. Fixed components (source of every linear characteristic) --
   gamma1 0x46BD0CD0DCAD      max single-bit correlation 1.0000 at bits (0, 0)
   delta  0x128F8FB70F        max single-bit correlation 1.0000 at bits (0, 0)
   gamma2 0x46BB83114CCF      max single-bit correlation 1.0000 at bits (0, 0)
   correlation 1.0 at (0,0) is inherent: the lowest bit of an odd
   multiple always equals the lowest bit of the input
   labyrinth T0: max linear correlation 0.7500 at masks (6, 9)
   labyrinth T1: max linear correlation 0.7500 at masks (4, 3)
   [PASS] labyrinth tables are non-linear

-- 1. All single-bit mask pairs (96 x 96) --------------------
    rounds   max |corr|      noise    ratio   #above
         1     1.000000   0.021804    45.86       48
         2     0.019720   0.021804     0.90        0
         3     0.018000   0.021804     0.83        0
         4     0.020360   0.021804     0.93        0
         5     0.022680   0.021804     1.04        1
         6     0.017480   0.021804     0.80        0

-- 2. Random masks (dense and sparse) ------------------------
   360 mask pairs: Hamming weights 2/3/4/6 plus dense
   rounds  3  max |corr| 0.004480  noise 0.006626  ratio  0.68
   rounds  4  max |corr| 0.004925  noise 0.006626  ratio  0.74
   rounds  5  max |corr| 0.005680  noise 0.006626  ratio  0.86
   rounds  6  max |corr| 0.006500  noise 0.006626  ratio  0.98
   rounds  7  max |corr| 0.004510  noise 0.006626  ratio  0.68
   rounds  8  max |corr| 0.005865  noise 0.006626  ratio  0.89

-- 3. Hill climbing over the mask space (12 restarts) --------
   the mask space is 2^192; uniform sampling covers none of it, so we climb
   rounds  4  climbed to 0.021840  confirmed 0.000676  noise 0.002036  noise
   rounds  5  climbed to 0.024320  confirmed 0.000663  noise 0.002036  noise
   rounds  6  climbed to 0.026960  confirmed 0.001144  noise 0.002036  noise
   rounds  7  climbed to 0.022480  confirmed 0.000152  noise 0.002036  noise
   rounds  8  climbed to 0.022960  confirmed 0.000656  noise 0.002036  noise

-- 4. Data requirement implied by the best confirmed correlation --
   a linear attack needs about c^-2 known plaintexts; the whole
   codebook is 2^96 blocks, so c below 2^-48 is unreachable
   single-bit linear        round 5: |c| = 0.022680 -> 2^10.9 texts (feasible)

-- Verdict -- single-bit linear ------------------------------
    rounds   best deviation   noise floor  detected  witness
         1         1.000000      0.021804       YES  a=000000000000:000000000001 b=000000000001:000000000000
         2         0.019720      0.021804        no  a=000000000000:000400000000 b=000000400000:000000000000
         3         0.018000      0.021804        no  a=000000000000:000400000000 b=000000000000:000000000020
         4         0.020360      0.021804        no  a=800000000000:000000000000 b=004000000000:000000000000
         5         0.022680      0.021804       YES  a=000000400000:000000000000 b=000000000000:000080000000
         6         0.017480      0.021804        no  a=000000000000:000000000040 b=000000000004:000000000000
   [NOTE] single-bit linear: last detected at round 5; margin 11 of 16 rounds

-- Verdict -- random-mask linear -----------------------------
    rounds   best deviation   noise floor  detected  witness
         3         0.004480      0.006626        no  a=010008204000:000000000028 b=800000800000:404000020080
         4         0.004925      0.006626        no  a=000100000000:000000100000 b=000000000000:000000080020
         5         0.005680      0.006626        no  a=c377d42d77a1:bf13b418ecb9 b=fd2b3fc4c09d:3e29bbd4c7e9
         6         0.006500      0.006626        no  a=000010004000:002000002000 b=000200000080:000080001000
         7         0.004510      0.006626        no  a=800000000100:100c00000001 b=000000000200:000880090002
         8         0.005865      0.006626        no  a=6e6416a51354:f8fecd1fc576 b=8e5e0ea140fd:32729af98599
   [NOTE] random-mask linear: nothing above the noise floor at any tested round count

-- Verdict -- hill-climbed linear ----------------------------
    rounds   best deviation   noise floor  detected  witness
         4         0.000676      0.002036        no  a=b0545e67210e:3045fbd268ac b=f50fcd24437f:fdaefff9c5c8
         5         0.000663      0.002036        no  a=d856655ce072:5b281d3c049d b=444352341c82:e78896241f09
         6         0.001144      0.002036        no  a=61b57542d4fb:c747f3561a5e b=2f910f3231e7:42a9e19e9a31
         7         0.000152      0.002036        no  a=33036e74f884:a7ffba567c7c b=405e356911f4:9d8041d540a2
         8         0.000656      0.002036        no  a=228edb68d184:4beb5142299a b=b199ecc652ca:99ee1764151f
   [NOTE] hill-climbed linear: nothing above the noise floor at any tested round count

-- Security margin -------------------------------------------
   single-bit linear                  last detected round: 5
   random-mask linear                 last detected round: -
   hill-climbed linear                last detected round: -
   [NOTE] deepest distinguisher found: round 5 of 16   margin 11 rounds (69%)
   Reminder: absence of a distinguisher here is NOT a security proof.
   These are bounded searches, not exhaustive cryptanalysis.

-- Interpretation --------------------------------------------
   Rounds 1-3 must show correlation 1.0: in a Feistel network one
   output half is literally an input half. This is geometry.
   The number that matters is the first round at which even a
   directed search cannot beat the noise floor.

============================================================
1 passed, 0 failed, 0 warnings   (6.0s)
============================================================
